{"foto":"img_1754400509809.png","nama_prod":"Burger","id_cat":"7","variant":"0","harga_toko":"2222","biaya":"2222"}
[2025-08-05 21:12:50] {"foto":"img_1754403170856.png","upload_only":"true"}
[2025-08-05 21:13:09] {"foto":"img_1754403189983.png","upload_only":"true"}
[2025-08-05 21:19:52] {"foto":"img_1754403592767.png","upload_only":"true"}
[2025-08-05 21:20:10] {"foto":"img_1754403610330.png","upload_only":"true"}
[2025-08-05 21:25:01] {"foto":"img_1754403901562.png","upload_only":"true"}
[2025-08-05 21:25:36] {"foto":"img_1754403901562.png","nama_prod":"Burger","id_cat":"11","variant":"0","harga_toko":"5000","biaya":"5000"}
[2025-08-05 21:44:20] {"foto":"img_1754405060318.png","upload_only":"true"}
[2025-08-05 21:50:18] {"foto":"img_1754405418176.png","upload_only":"true"}
[2025-08-05 21:50:35] {"foto":"img_1754405418176.png","nama_prod":"dua","id_cat":"5","variant":"0","harga_toko":"11111","biaya":"11111"}
[2025-08-05 21:57:28] {"foto":"img_1754405848497.png","upload_only":"true"}
[2025-08-05 21:57:55] {"foto":"img_1754405848497.png","nama_prod":"test kategori","id_cat":"11","variant":"1","variant_name":["pedas","nasi"],"variant_price":["55555","3333"],"harga_toko":"","nama_var":"pedas;nasi","biaya_var":"55555;3333"}
[2025-08-10 15:00:15] {"foto":"img_1754812815139.jpg","upload_only":"true"}
[2025-08-10 15:00:34] {"foto":"img_1754812834787.jpg","upload_only":"true"}
[2025-08-10 15:15:53] {"foto":"img_1754813753364.jpg","upload_only":"true"}
[2025-08-10 15:16:06] {"foto":"img_1754813766269.jpg","upload_only":"true"}
[2025-08-10 15:16:31] {"foto":"img_1754813791035.png","upload_only":"true"}
[2025-08-10 15:19:12] {"foto":"img_1754813952557.jpg","upload_only":"true"}
[2025-08-10 15:20:01] {"foto":"img_1754814001711.jpg","upload_only":"true"}
[2025-08-10 15:20:09] {"foto":"img_1754814009228.jpg","upload_only":"true"}
[2025-08-10 15:23:17] {"foto":"img_1754814197202.jpg","upload_only":"true"}
[2025-08-10 15:23:44] {"foto":"img_1754814224086.jpg","upload_only":"true"}
[2025-08-10 15:24:57] {"foto":"img_1754814297038.jpg","upload_only":"true"}
[2025-08-10 15:26:28] {"foto":"img_1754814388094.jpg","upload_only":"true"}
[2025-08-14 21:05:50] {"foto":"img_1755180350069.jpg","upload_only":"true"}
[2025-08-14 21:11:13] {"foto":"img_1755180673092.jpg","upload_only":"true"}
[2025-08-14 21:12:22] {"foto":"img_1755180742734.jpg","upload_only":"true"}
[2025-08-14 21:13:10] {"foto":"img_1755180790208.png","upload_only":"true"}
[2025-08-14 21:19:42] {"foto":"img_1755181182503.jpg","upload_only":"true"}
[2025-08-14 21:20:55] {"foto":"img_1755181254962.jpg","upload_only":"true"}
[2025-08-14 21:22:54] {"foto":"img_1755181374006.jpg","upload_only":"true"}
[2025-08-14 21:27:58] {"foto":"img_1755181678553.jpg","upload_only":"true"}
[2025-08-14 21:28:14] {"foto":"img_1755181693940.jpg","upload_only":"true"}
[2025-08-14 21:30:24] {"foto":"img_1755181693940.jpg","nama_prod":"Ayam Geprek","id_cat":"2","variant":"1","variant_name":["Hemat","Komplit"],"variant_price":["27000","30000"],"harga_toko":"","nama_var":"Hemat;Komplit","biaya_var":"27000;30000"}
[2025-08-14 21:44:52] {"foto":"img_1755182692648.jpg","upload_only":"true"}
[2025-08-14 21:47:20] {"foto":"img_1755182692648.jpg","nama_prod":"Paket Se'i Sapi","id_cat":"2","variant":"0","harga_toko":"40000","biaya":"40000"}
[2025-08-14 23:24:54] {"foto":"img_1755188694052.jpg","upload_only":"true"}
[2025-08-14 23:25:25] {"foto":"img_1755188694052.jpg","nama_prod":"French Fries","id_cat":"6","variant":"0","harga_toko":"22000","biaya":"22000"}
[2025-08-15 20:26:53] {"foto":"img_1755264413766.jpg","upload_only":"true"}
[2025-08-15 20:28:01] {"foto":"img_1755264413766.jpg","nama_prod":"Paket Chicken Katsu","id_cat":"2","variant":"0","harga_toko":"35000","biaya":"35000"}
[2025-08-15 20:39:12] {"foto":"img_1755265152572.jpg","upload_only":"true"}
[2025-08-15 20:40:24] {"foto":"img_1755265152572.jpg","nama_prod":"Spaghetti Aglio Olio","id_cat":"3","variant":"0","harga_toko":"32000","biaya":"32000"}
[2025-08-15 20:42:48] {"foto":"img_1755265368854.jpg","upload_only":"true"}
[2025-08-15 20:43:38] {"foto":"img_1755265368854.jpg","nama_prod":"Spaghetti Bolognese","id_cat":"3","variant":"0","harga_toko":"35000","biaya":"35000"}
[2025-08-15 20:44:08] {"foto":"img_1755265448326.jpg","upload_only":"true"}
[2025-08-15 20:44:37] {"foto":"img_1755265448326.jpg","nama_prod":"Spagehtti Carbonara","id_cat":"3","variant":"0","harga_toko":"37000","biaya":"37000"}
[2025-08-17 15:01:02] {"foto":"img_1755417660729.jpeg","upload_only":"true"}
[2025-08-17 15:01:28] {"foto":"img_1755417687172.jpeg","upload_only":"true"}
[2025-08-17 15:04:02] {"foto":"img_1755417687172.jpeg","nama_prod":"Beef","id_cat":"4","variant":"1","variant_name":["Beef Teriyaki","Beef Blackpepper"],"variant_price":["40000","40000"],"harga_toko":"","nama_var":"Beef Teriyaki;Beef Blackpepper","biaya_var":"40000;40000"}
[2025-08-17 15:04:34] {"foto":"img_1755417873266.jpeg","upload_only":"true"}
[2025-08-17 15:07:27] {"foto":"img_1755417873266.jpeg","nama_prod":"Ricebowl Chicken","id_cat":"4","variant":"1","variant_name":["Chicken Asam Manis","Chicken Teriyaki"],"variant_price":["35000","35000"],"harga_toko":"","nama_var":"Chicken Asam Manis;Chicken Teriyaki","biaya_var":"35000;35000"}
[2025-08-17 15:08:08] {"foto":"img_1755418086970.jpeg","upload_only":"true"}
[2025-08-17 15:08:59] {"foto":"img_1755418086970.jpeg","nama_prod":"Paket Iga Bakar","id_cat":"2","variant":"0","harga_toko":"50000","biaya":"50000"}
[2025-08-17 15:10:36] {"foto":"img_1755418234861.jpeg","upload_only":"true"}
[2025-08-17 15:11:41] {"foto":"img_1755418234861.jpeg","nama_prod":"Mie Goreng Dejati","id_cat":"3","variant":"0","harga_toko":"22000","biaya":"22000"}
[2025-08-17 15:12:17] {"foto":"img_1755418336052.jpeg","upload_only":"true"}
[2025-08-17 15:13:25] {"foto":"img_1755418336052.jpeg","nama_prod":"Nasi Goreng","id_cat":"2","variant":"1","variant_name":["Spesial","Kampung"],"variant_price":["25000","20000"],"harga_toko":"","nama_var":"Spesial;Kampung","biaya_var":"25000;20000"}
[2025-08-17 15:14:00] {"foto":"img_1755418438994.jpeg","upload_only":"true"}
[2025-08-17 15:15:02] {"foto":"img_1755418438994.jpeg","nama_prod":"Paket Ayam Kampung","id_cat":"2","variant":"1","variant_name":["Hemat","Komplit"],"variant_price":["37000","40000"],"harga_toko":"","nama_var":"Hemat;Komplit","biaya_var":"37000;40000"}
[2025-08-17 15:15:20] {"foto":"img_1755418519338.jpeg","upload_only":"true"}
[2025-08-17 15:16:09] {"foto":"img_1755418519338.jpeg","nama_prod":"Tahu Walik","id_cat":"6","variant":"0","harga_toko":"20000","biaya":"20000"}
[2025-08-17 15:16:28] {"foto":"img_1755418586838.jpeg","upload_only":"true"}
[2025-08-17 15:18:27] {"foto":"img_1755418586838.jpeg","nama_prod":"Dimsum","id_cat":"6","variant":"0","harga_toko":"22000","biaya":"22000"}
[2025-08-17 15:18:44] {"foto":"img_1755418723220.jpeg","upload_only":"true"}
[2025-08-17 15:19:17] {"foto":"img_1755418723220.jpeg","nama_prod":"Pempek","id_cat":"6","variant":"0","harga_toko":"25000","biaya":"25000"}
[2025-08-17 15:19:34] {"foto":"img_1755418773185.jpeg","upload_only":"true"}
[2025-08-17 15:20:03] {"foto":"img_1755418773185.jpeg","nama_prod":"Zuppa Soup","id_cat":"6","variant":"0","harga_toko":"27000","biaya":"27000"}
[2025-08-17 15:31:59] {"foto":"img_1755419517268.jpeg","upload_only":"true"}
[2025-08-17 15:32:33] {"foto":"img_1755419517268.jpeg","nama_prod":"Onion Ring","id_cat":"6","variant":"0","harga_toko":"15000","biaya":"15000"}
[2025-08-17 15:33:58] {"foto":"img_1755419636971.jpeg","upload_only":"true"}
[2025-08-17 15:34:13] {"foto":"img_1755419636971.jpeg","nama_prod":"Onion Ring","id_cat":"6","variant":"0","harga_toko":"15000","biaya":"15000"}
[2025-08-17 15:34:22] {"foto":"img_1755419660656.jpeg","upload_only":"true"}
[2025-08-17 15:36:31] {"foto":"img_1755419660656.jpeg","nama_prod":"Mix Snack ","id_cat":"6","variant":"1","variant_name":["1 (asin)","2 (manis)"],"variant_price":["35000","35000"],"harga_toko":"","nama_var":"1 (asin);2 (manis)","biaya_var":"35000;35000"}
[2025-08-17 15:36:51] {"foto":"img_1755419809865.jpeg","upload_only":"true"}
[2025-08-17 15:37:20] {"foto":"img_1755419809865.jpeg","nama_prod":"Paket Ayam Bakar","id_cat":"2","variant":"1","variant_name":["Hemat","Komplit"],"variant_price":["27000","30000"],"harga_toko":"","nama_var":"Hemat;Komplit","biaya_var":"27000;30000"}
[2025-08-17 15:38:11] {"foto":"img_1755419890555.jpeg","upload_only":"true"}
[2025-08-17 15:39:16] {"foto":"img_1755419890555.jpeg","nama_prod":"Mie Godog","id_cat":"3","variant":"0","harga_toko":"25000","biaya":"25000"}
[2025-08-17 15:40:32] {"foto":"img_1755420030527.jpeg","upload_only":"true"}
[2025-08-17 15:41:21] {"id_prod":"","foto":"img_1755420030527.jpeg","nama_prod":"Vietnam Drip","id_cat":"8","variant":"0","harga_toko":"25000","biaya":"25000"}
[2025-08-17 15:47:05] {"foto":"img_1755420425192.jpg","upload_only":"true"}
[2025-08-17 15:47:11] {"foto":"img_1755420431522.jpg","upload_only":"true"}
[2025-08-17 15:47:15] {"foto":"img_1755420435755.jpg","upload_only":"true"}
[2025-08-17 15:54:31] {"foto":"img_1755420871788.jpg","upload_only":"true"}
[2025-08-17 15:54:44] {"id_prod":"","foto":"img_1755420871788.jpg","nama_prod":"aa","id_cat":"5","variant":"0","harga_toko":"1000","biaya":"1000"}
[2025-08-17 16:10:20] {"foto":"img_1755421818259.jpeg","upload_only":"true"}
[2025-08-17 16:11:34] {"foto":"img_1755421893299.jpeg","upload_only":"true"}
[2025-08-17 16:12:52] {"foto":"img_1755421970886.jpeg","upload_only":"true"}
[2025-08-17 16:13:08] {"foto":"img_1755421985730.jpeg","upload_only":"true"}
[2025-08-17 16:13:49] {"foto":"img_1755421985730.jpeg","nama_prod":"Latte Original","id_cat":"1","variant":"1","variant_name":["Hot","Cold"],"variant_price":["22000","23000"],"harga_toko":"","nama_var":"Hot;Cold","biaya_var":"22000;23000"}
[2025-08-17 16:14:04] {"foto":"img_1755422043512.jpeg","upload_only":"true"}
[2025-08-17 16:15:58] {"foto":"img_1755422043512.jpeg","nama_prod":"Cappucino","id_cat":"1","variant":"1","variant_name":["Hot","Cold"],"variant_price":["22000","23000"],"harga_toko":"","nama_var":"Hot;Cold","biaya_var":"22000;23000"}
[2025-08-17 16:16:32] {"foto":"img_1755422191174.jpeg","upload_only":"true"}
[2025-08-17 16:18:25] {"foto":"img_1755422191174.jpeg","nama_prod":"Dejati Signature","id_cat":"1","variant":"1","variant_name":["Hot","Ice"],"variant_price":["23000","25000"],"harga_toko":"","nama_var":"Hot;Ice","biaya_var":"23000;25000"}
[2025-08-17 16:20:33] {"foto":"img_1755422432133.jpeg","upload_only":"true"}
[2025-08-17 16:21:04] {"foto":"img_1755422432133.jpeg","nama_prod":"Americano","id_cat":"1","variant":"1","variant_name":["Hot","Ice"],"variant_price":["20000","22000"],"harga_toko":"","nama_var":"Hot;Ice","biaya_var":"20000;22000"}
[2025-08-17 16:21:20] {"foto":"img_1755422479612.jpeg","upload_only":"true"}
[2025-08-17 16:21:38] {"foto":"img_1755422479612.jpeg","nama_prod":"Coffee Mocktail","id_cat":"1","variant":"0","harga_toko":"30000","biaya":"30000"}
[2025-08-17 16:21:57] {"foto":"img_1755422516459.jpeg","upload_only":"true"}
[2025-08-17 16:22:20] {"foto":"img_1755422516459.jpeg","nama_prod":"Caramel Macchiato ","id_cat":"1","variant":"0","harga_toko":"25000","biaya":"25000"}
[2025-08-17 16:22:43] {"foto":"img_1755422561650.jpeg","upload_only":"true"}
[2025-08-17 16:23:33] {"foto":"img_1755422561650.jpeg","nama_prod":"Mint Latte","id_cat":"1","variant":"1","variant_name":["Avocado","Red Velvet","Matcha"],"variant_price":["25000","25000","25000"],"harga_toko":"","nama_var":"Avocado;Red Velvet;Matcha","biaya_var":"25000;25000;25000"}
[2025-08-17 16:33:28] {"foto":"img_1755423208858.jpg","upload_only":"true"}
[2025-08-17 16:34:23] {"foto":"img_1755423261452.jpeg","upload_only":"true"}
[2025-08-17 16:35:11] {"foto":"img_1755423261452.jpeg","nama_prod":"Yogurt Punch ","id_cat":"9","variant":"0","harga_toko":"30000","biaya":"30000"}
[2025-08-17 16:38:22] {"foto":"img_1755423500453.jpeg","upload_only":"true"}
[2025-08-17 16:38:23] {"foto":"img_1755423500453.jpeg","nama_prod":"Affogato ","id_cat":"1","variant":"0","harga_toko":"25000","biaya":"25000"}
[2025-08-17 16:38:33] {"foto":"img_1755423511995.jpeg","upload_only":"true"}
[2025-08-17 16:38:58] {"foto":"img_1755423511995.jpeg","nama_prod":"Sewindu","id_cat":"12","variant":"0","harga_toko":"30000","biaya":"30000"}
[2025-08-17 16:39:33] {"foto":"img_1755423571868.jpeg","upload_only":"true"}
[2025-08-17 16:40:02] {"foto":"img_1755423571868.jpeg","nama_prod":"Royal Milk Tea","id_cat":"12","variant":"0","harga_toko":"30000","biaya":"30000"}
[2025-08-17 16:41:37] {"foto":"img_1755423696584.jpeg","upload_only":"true"}
[2025-08-17 16:43:34] {"foto":"img_1755423696584.jpeg","nama_prod":"Milkshake ","id_cat":"12","variant":"1","variant_name":["Vanilla","Caramel","Hazelnut","Chocolate ","Taro"],"variant_price":["27000","27000","27000","27000","27000"],"harga_toko":"","nama_var":"Vanilla;Caramel;Hazelnut;Chocolate;Taro","biaya_var":"27000;27000;27000;27000;27000"}
[2025-08-17 16:43:53] {"foto":"img_1755423831818.jpeg","upload_only":"true"}
[2025-08-17 16:58:27] {"foto":"img_1755424707911.jpg","upload_only":"true"}
[2025-08-17 20:19:41] {"foto":"img_1755436779880.jpeg","upload_only":"true"}
[2025-08-17 20:36:48] {"foto":"img_1755437808461.jpg","upload_only":"true"}
[2025-08-17 22:25:17] {"foto":"img_1755444317907.jpg","upload_only":"true"}
[2025-08-17 22:26:15] {"foto":"img_1755444375761.jpg","upload_only":"true"}
[2025-08-17 22:26:29] {"id_prod":"","foto":"img_1755444375761.jpg","remove_foto":"0","nama_prod":"ada nih","id_cat":"5","variant":"0","harga_toko":"50000","biaya":"50000"}
[2025-08-17 22:27:29] {"id_prod":"","foto":"","remove_foto":"0","nama_prod":"ada trial","id_cat":"5","variant":"0","harga_toko":"1111","biaya":"1111"}
[2025-08-17 22:28:37] {"id_prod":"","foto":"","nama_prod":"ada trial","id_cat":"5","variant":"0","harga_toko":"1000","biaya":"1000"}
[2025-08-17 22:32:08] {"id_prod":"","foto":"","nama_prod":"ada trial","id_cat":"5","variant":"0","harga_toko":"1111","biaya":"1111"}
[2025-08-17 22:33:24] {"foto":"img_1755444804239.jpg","upload_only":"true"}
[2025-08-17 22:33:26] {"id_prod":"","foto":"img_1755444804239.jpg","nama_prod":"ada trial","id_cat":"5","variant":"0","harga_toko":"1111","biaya":"1111"}
[2025-08-17 22:36:31] {"id_prod":"","foto":"","nama_prod":"ada trial","id_cat":"5","variant":"0","harga_toko":"11111","biaya":"11111"}
[2025-08-17 22:36:55] {"id_prod":"","foto":"","nama_prod":"ada aja apa","id_cat":"11","variant":"0","harga_toko":"1","biaya":"1"}
[2025-08-17 22:37:07] {"foto":"img_1755445027299.jpg","upload_only":"true"}
[2025-08-17 22:37:21] {"id_prod":"","foto":"img_1755445027299.jpg","nama_prod":"ada trial","id_cat":"5","variant":"0","harga_toko":"5","biaya":"5"}
[2025-08-17 22:39:02] {"id_prod":"","foto":"","nama_prod":"ada trial","id_cat":"5","variant":"0","harga_toko":"1","biaya":"1"}
[2025-08-17 22:39:21] {"foto":"img_1755445161110.jpg","upload_only":"true"}
[2025-08-17 22:39:27] {"id_prod":"","foto":"img_1755445161110.jpg","nama_prod":"ada trial","id_cat":"5","variant":"0","harga_toko":"1","biaya":"1"}
[2025-08-17 22:42:15] {"id_prod":"","foto":"","nama_prod":"ada trial","id_cat":"5","variant":"0","harga_toko":"9","biaya":"9"}
